Copyright 1986-2022 Xilinx, Inc. All Rights Reserved. Copyright 2022-2023 Advanced Micro Devices, Inc. All Rights Reserved.
---------------------------------------------------------------------------------------------------------------------------------------------
| Tool Version : Vivado v.2023.2 (win64) Build 4029153 Fri Oct 13 20:14:34 MDT 2023
| Date         : Wed Aug  5 15:09:43 2026
| Host         : dkeL running 64-bit major release  (build 9200)
| Command      : report_timing_summary -file ./design_evidence/timing_summary.rpt
| Design       : design_1_wrapper
| Device       : 7z020-clg400
| Speed File   : -1  PRODUCTION 1.12 2019-11-22
| Design State : Routed
---------------------------------------------------------------------------------------------------------------------------------------------

Timing Summary Report

------------------------------------------------------------------------------------------------
| Timer Settings
| --------------
------------------------------------------------------------------------------------------------

  Enable Multi Corner Analysis               :  Yes
  Enable Pessimism Removal                   :  Yes
  Pessimism Removal Resolution               :  Nearest Common Node
  Enable Input Delay Default Clock           :  No
  Enable Preset / Clear Arcs                 :  No
  Disable Flight Delays                      :  No
  Ignore I/O Paths                           :  No
  Timing Early Launch at Borrowing Latches   :  No
  Borrow Time for Max Delay Exceptions       :  Yes
  Merge Timing Exceptions                    :  Yes
  Inter-SLR Compensation                     :  Conservative

  Corner  Analyze    Analyze    
  Name    Max Paths  Min Paths  
  ------  ---------  ---------  
  Slow    Yes        Yes        
  Fast    Yes        Yes        


------------------------------------------------------------------------------------------------
| Report Methodology
| ------------------
------------------------------------------------------------------------------------------------

No report available as report_methodology has not been run prior. Run report_methodology on the current design for the summary of methodology violations.



check_timing report

Table of Contents
-----------------
1. checking no_clock (0)
2. checking constant_clock (0)
3. checking pulse_width_clock (0)
4. checking unconstrained_internal_endpoints (0)
5. checking no_input_delay (0)
6. checking no_output_delay (0)
7. checking multiple_clock (0)
8. checking generated_clocks (0)
9. checking loops (0)
10. checking partial_input_delay (0)
11. checking partial_output_delay (0)
12. checking latch_loops (0)

1. checking no_clock (0)
------------------------
 There are 0 register/latch pins with no clock.


2. checking constant_clock (0)
------------------------------
 There are 0 register/latch pins with constant_clock.


3. checking pulse_width_clock (0)
---------------------------------
 There are 0 register/latch pins which need pulse_width check


4. checking unconstrained_internal_endpoints (0)
------------------------------------------------
 There are 0 pins that are not constrained for maximum delay.

 There are 0 pins that are not constrained for maximum delay due to constant clock.


5. checking no_input_delay (0)
------------------------------
 There are 0 input ports with no input delay specified.

 There are 0 input ports with no input delay but user has a false path constraint.


6. checking no_output_delay (0)
-------------------------------
 There are 0 ports with no output delay specified.

 There are 0 ports with no output delay but user has a false path constraint

 There are 0 ports with no output delay but with a timing clock defined on it or propagating through it


7. checking multiple_clock (0)
------------------------------
 There are 0 register/latch pins with multiple clocks.


8. checking generated_clocks (0)
--------------------------------
 There are 0 generated clocks that are not connected to a clock source.


9. checking loops (0)
---------------------
 There are 0 combinational loops in the design.


10. checking partial_input_delay (0)
------------------------------------
 There are 0 input ports with partial input delay specified.


11. checking partial_output_delay (0)
-------------------------------------
 There are 0 ports with partial output delay specified.


12. checking latch_loops (0)
----------------------------
 There are 0 combinational latch loops in the design through latch input



------------------------------------------------------------------------------------------------
| Design Timing Summary
| ---------------------
------------------------------------------------------------------------------------------------

    WNS(ns)      TNS(ns)  TNS Failing Endpoints  TNS Total Endpoints      WHS(ns)      THS(ns)  THS Failing Endpoints  THS Total Endpoints     WPWS(ns)     TPWS(ns)  TPWS Failing Endpoints  TPWS Total Endpoints  
    -------      -------  ---------------------  -------------------      -------      -------  ---------------------  -------------------     --------     --------  ----------------------  --------------------  
      0.095        0.000                      0                84650        0.021        0.000                      0                84650        3.750        0.000                       0                 24602  


All user specified timing constraints are met.


------------------------------------------------------------------------------------------------
| Clock Summary
| -------------
------------------------------------------------------------------------------------------------

Clock       Waveform(ns)       Period(ns)      Frequency(MHz)
-----       ------------       ----------      --------------
clk_fpga_0  {0.000 5.000}      10.000          100.000         


------------------------------------------------------------------------------------------------
| Intra Clock Table
| -----------------
------------------------------------------------------------------------------------------------

Clock             WNS(ns)      TNS(ns)  TNS Failing Endpoints  TNS Total Endpoints      WHS(ns)      THS(ns)  THS Failing Endpoints  THS Total Endpoints     WPWS(ns)     TPWS(ns)  TPWS Failing Endpoints  TPWS Total Endpoints  
-----             -------      -------  ---------------------  -------------------      -------      -------  ---------------------  -------------------     --------     --------  ----------------------  --------------------  
clk_fpga_0          0.095        0.000                      0                84650        0.021        0.000                      0                84650        3.750        0.000                       0                 24602  


------------------------------------------------------------------------------------------------
| Inter Clock Table
| -----------------
------------------------------------------------------------------------------------------------

From Clock    To Clock          WNS(ns)      TNS(ns)  TNS Failing Endpoints  TNS Total Endpoints      WHS(ns)      THS(ns)  THS Failing Endpoints  THS Total Endpoints  
----------    --------          -------      -------  ---------------------  -------------------      -------      -------  ---------------------  -------------------  


------------------------------------------------------------------------------------------------
| Other Path Groups Table
| -----------------------
------------------------------------------------------------------------------------------------

Path Group    From Clock    To Clock          WNS(ns)      TNS(ns)  TNS Failing Endpoints  TNS Total Endpoints      WHS(ns)      THS(ns)  THS Failing Endpoints  THS Total Endpoints  
----------    ----------    --------          -------      -------  ---------------------  -------------------      -------      -------  ---------------------  -------------------  


------------------------------------------------------------------------------------------------
| Timing Details
| --------------
------------------------------------------------------------------------------------------------


---------------------------------------------------------------------------------------------------
From Clock:  clk_fpga_0
  To Clock:  clk_fpga_0

Setup :            0  Failing Endpoints,  Worst Slack        0.095ns,  Total Violation        0.000ns
Hold  :            0  Failing Endpoints,  Worst Slack        0.021ns,  Total Violation        0.000ns
PW    :            0  Failing Endpoints,  Worst Slack        3.750ns,  Total Violation        0.000ns
---------------------------------------------------------------------------------------------------


Max Delay Paths
--------------------------------------------------------------------------------------
Slack (MET) :             0.095ns  (required time - arrival time)
  Source:                 design_1_i/matrix_mult_top_0/inst/ata_inst/p_0_out__47/CLK
                            (rising edge-triggered cell DSP48E1 clocked by clk_fpga_0  {rise@0.000ns fall@5.000ns period=10.000ns})
  Destination:            design_1_i/matrix_mult_top_0/inst/ata_inst/row_gen[10].col_gen[7].acc_reg[62][61]/D
                            (rising edge-triggered cell FDRE clocked by clk_fpga_0  {rise@0.000ns fall@5.000ns period=10.000ns})
  Path Group:             clk_fpga_0
  Path Type:              Setup (Max at Slow Process Corner)
  Requirement:            10.000ns  (clk_fpga_0 rise@10.000ns - clk_fpga_0 rise@0.000ns)
  Data Path Delay:        9.618ns  (logic 6.613ns (68.758%)  route 3.005ns (31.242%))
  Logic Levels:           17  (CARRY4=16 LUT2=1)
  Clock Path Skew:        -0.195ns (DCD - SCD + CPR)
    Destination Clock Delay (DCD):    2.827ns = ( 12.827 - 10.000 ) 
    Source Clock Delay      (SCD):    3.138ns
    Clock Pessimism Removal (CPR):    0.115ns
  Clock Uncertainty:      0.154ns  ((TSJ^2 + TIJ^2)^1/2 + DJ) / 2 + PE
    Total System Jitter     (TSJ):    0.071ns
    Total Input Jitter      (TIJ):    0.300ns
    Discrete Jitter          (DJ):    0.000ns
    Phase Error              (PE):    0.000ns

    Location             Delay type                Incr(ns)  Path(ns)    Netlist Resource(s)
  -------------------------------------------------------------------    -------------------
                         (clock clk_fpga_0 rise edge)
                                                      0.000     0.000 r  
    PS7_X0Y0             PS7                          0.000     0.000 r  design_1_i/processing_system7_0/inst/PS7_i/FCLKCLK[0]
                         net (fo=1, routed)           1.193     1.193    design_1_i/processing_system7_0/inst/FCLK_CLK_unbuffered[0]
    BUFGCTRL_X0Y16       BUFG (Prop_bufg_I_O)         0.101     1.294 r  design_1_i/processing_system7_0/inst/buffer_fclk_clk_0.FCLK_CLK_0_BUFG/O
                         net (fo=24773, routed)       1.844     3.138    design_1_i/matrix_mult_top_0/inst/ata_inst/clk
    DSP48_X0Y15          DSP48E1                                      r  design_1_i/matrix_mult_top_0/inst/ata_inst/p_0_out__47/CLK
  -------------------------------------------------------------------    -------------------
    DSP48_X0Y15          DSP48E1 (Prop_dsp48e1_CLK_P[1])
                                                      4.009     7.147 r  design_1_i/matrix_mult_top_0/inst/ata_inst/p_0_out__47/P[1]
                         net (fo=2, routed)           3.004    10.151    design_1_i/matrix_mult_top_0/inst/ata_inst/p_0_out__47_n_104
    SLICE_X48Y96         LUT2 (Prop_lut2_I0_O)        0.124    10.275 r  design_1_i/matrix_mult_top_0/inst/ata_inst/row_gen[10].col_gen[7].acc[62][0]_i_4/O
                         net (fo=1, routed)           0.000    10.275    design_1_i/matrix_mult_top_0/inst/ata_inst/row_gen[10].col_gen[7].acc[62][0]_i_4_n_0
    SLICE_X48Y96         CARRY4 (Prop_carry4_S[1]_CO[3])
                                                      0.550    10.825 r  design_1_i/matrix_mult_top_0/inst/ata_inst/row_gen[10].col_gen[7].acc_reg[62][0]_i_1/CO[3]
                         net (fo=1, routed)           0.000    10.825    design_1_i/matrix_mult_top_0/inst/ata_inst/row_gen[10].col_gen[7].acc_reg[62][0]_i_1_n_0
    SLICE_X48Y97         CARRY4 (Prop_carry4_CI_CO[3])
                                                      0.114    10.939 r  design_1_i/matrix_mult_top_0/inst/ata_inst/row_gen[10].col_gen[7].acc_reg[62][4]_i_1/CO[3]
                         net (fo=1, routed)           0.000    10.939    design_1_i/matrix_mult_top_0/inst/ata_inst/row_gen[10].col_gen[7].acc_reg[62][4]_i_1_n_0
    SLICE_X48Y98         CARRY4 (Prop_carry4_CI_CO[3])
                                                      0.114    11.053 r  design_1_i/matrix_mult_top_0/inst/ata_inst/row_gen[10].col_gen[7].acc_reg[62][8]_i_1/CO[3]
                         net (fo=1, routed)           0.000    11.053    design_1_i/matrix_mult_top_0/inst/ata_inst/row_gen[10].col_gen[7].acc_reg[62][8]_i_1_n_0
    SLICE_X48Y99         CARRY4 (Prop_carry4_CI_CO[3])
                                                      0.114    11.167 r  design_1_i/matrix_mult_top_0/inst/ata_inst/row_gen[10].col_gen[7].acc_reg[62][12]_i_1/CO[3]
                         net (fo=1, routed)           0.001    11.167    design_1_i/matrix_mult_top_0/inst/ata_inst/row_gen[10].col_gen[7].acc_reg[62][12]_i_1_n_0
    SLICE_X48Y100        CARRY4 (Prop_carry4_CI_CO[3])
                                                      0.114    11.281 r  design_1_i/matrix_mult_top_0/inst/ata_inst/row_gen[10].col_gen[7].acc_reg[62][16]_i_1/CO[3]
                         net (fo=1, routed)           0.000    11.281    design_1_i/matrix_mult_top_0/inst/ata_inst/row_gen[10].col_gen[7].acc_reg[62][16]_i_1_n_0
    SLICE_X48Y101        CARRY4 (Prop_carry4_CI_CO[3])
                                                      0.114    11.395 r  design_1_i/matrix_mult_top_0/inst/ata_inst/row_gen[10].col_gen[7].acc_reg[62][20]_i_1/CO[3]
                         net (fo=1, routed)           0.000    11.395    design_1_i/matrix_mult_top_0/inst/ata_inst/row_gen[10].col_gen[7].acc_reg[62][20]_i_1_n_0
    SLICE_X48Y102        CARRY4 (Prop_carry4_CI_CO[3])
                                                      0.114    11.509 r  design_1_i/matrix_mult_top_0/inst/ata_inst/row_gen[10].col_gen[7].acc_reg[62][24]_i_1/CO[3]
                         net (fo=1, routed)           0.000    11.509    design_1_i/matrix_mult_top_0/inst/ata_inst/row_gen[10].col_gen[7].acc_reg[62][24]_i_1_n_0
    SLICE_X48Y103        CARRY4 (Prop_carry4_CI_CO[3])
                                                      0.114    11.623 r  design_1_i/matrix_mult_top_0/inst/ata_inst/row_gen[10].col_gen[7].acc_reg[62][28]_i_1/CO[3]
                         net (fo=1, routed)           0.000    11.623    design_1_i/matrix_mult_top_0/inst/ata_inst/row_gen[10].col_gen[7].acc_reg[62][28]_i_1_n_0
    SLICE_X48Y104        CARRY4 (Prop_carry4_CI_CO[3])
                                                      0.114    11.737 r  design_1_i/matrix_mult_top_0/inst/ata_inst/row_gen[10].col_gen[7].acc_reg[62][32]_i_1/CO[3]
                         net (fo=1, routed)           0.000    11.737    design_1_i/matrix_mult_top_0/inst/ata_inst/row_gen[10].col_gen[7].acc_reg[62][32]_i_1_n_0
    SLICE_X48Y105        CARRY4 (Prop_carry4_CI_CO[3])
                                                      0.114    11.851 r  design_1_i/matrix_mult_top_0/inst/ata_inst/row_gen[10].col_gen[7].acc_reg[62][36]_i_1/CO[3]
                         net (fo=1, routed)           0.000    11.851    design_1_i/matrix_mult_top_0/inst/ata_inst/row_gen[10].col_gen[7].acc_reg[62][36]_i_1_n_0
    SLICE_X48Y106        CARRY4 (Prop_carry4_CI_CO[3])
                                                      0.114    11.965 r  design_1_i/matrix_mult_top_0/inst/ata_inst/row_gen[10].col_gen[7].acc_reg[62][40]_i_1/CO[3]
                         net (fo=1, routed)           0.000    11.965    design_1_i/matrix_mult_top_0/inst/ata_inst/row_gen[10].col_gen[7].acc_reg[62][40]_i_1_n_0
    SLICE_X48Y107        CARRY4 (Prop_carry4_CI_CO[3])
                                                      0.114    12.079 r  design_1_i/matrix_mult_top_0/inst/ata_inst/row_gen[10].col_gen[7].acc_reg[62][44]_i_1/CO[3]
                         net (fo=1, routed)           0.000    12.079    design_1_i/matrix_mult_top_0/inst/ata_inst/row_gen[10].col_gen[7].acc_reg[62][44]_i_1_n_0
    SLICE_X48Y108        CARRY4 (Prop_carry4_CI_CO[3])
                                                      0.114    12.193 r  design_1_i/matrix_mult_top_0/inst/ata_inst/row_gen[10].col_gen[7].acc_reg[62][48]_i_1/CO[3]
                         net (fo=1, routed)           0.000    12.193    design_1_i/matrix_mult_top_0/inst/ata_inst/row_gen[10].col_gen[7].acc_reg[62][48]_i_1_n_0
    SLICE_X48Y109        CARRY4 (Prop_carry4_CI_CO[3])
                                                      0.114    12.307 r  design_1_i/matrix_mult_top_0/inst/ata_inst/row_gen[10].col_gen[7].acc_reg[62][52]_i_1/CO[3]
                         net (fo=1, routed)           0.000    12.307    design_1_i/matrix_mult_top_0/inst/ata_inst/row_gen[10].col_gen[7].acc_reg[62][52]_i_1_n_0
    SLICE_X48Y110        CARRY4 (Prop_carry4_CI_CO[3])
                                                      0.114    12.421 r  design_1_i/matrix_mult_top_0/inst/ata_inst/row_gen[10].col_gen[7].acc_reg[62][56]_i_1/CO[3]
                         net (fo=1, routed)           0.000    12.421    design_1_i/matrix_mult_top_0/inst/ata_inst/row_gen[10].col_gen[7].acc_reg[62][56]_i_1_n_0
    SLICE_X48Y111        CARRY4 (Prop_carry4_CI_O[1])
                                                      0.334    12.755 r  design_1_i/matrix_mult_top_0/inst/ata_inst/row_gen[10].col_gen[7].acc_reg[62][60]_i_1/O[1]
                         net (fo=1, routed)           0.000    12.755    design_1_i/matrix_mult_top_0/inst/ata_inst/row_gen[10].col_gen[7].acc_reg[62][60]_i_1_n_6
    SLICE_X48Y111        FDRE                                         r  design_1_i/matrix_mult_top_0/inst/ata_inst/row_gen[10].col_gen[7].acc_reg[62][61]/D
  -------------------------------------------------------------------    -------------------

                         (clock clk_fpga_0 rise edge)
                                                     10.000    10.000 r  
    PS7_X0Y0             PS7                          0.000    10.000 r  design_1_i/processing_system7_0/inst/PS7_i/FCLKCLK[0]
                         net (fo=1, routed)           1.088    11.088    design_1_i/processing_system7_0/inst/FCLK_CLK_unbuffered[0]
    BUFGCTRL_X0Y16       BUFG (Prop_bufg_I_O)         0.091    11.179 r  design_1_i/processing_system7_0/inst/buffer_fclk_clk_0.FCLK_CLK_0_BUFG/O
                         net (fo=24773, routed)       1.648    12.827    design_1_i/matrix_mult_top_0/inst/ata_inst/clk
    SLICE_X48Y111        FDRE                                         r  design_1_i/matrix_mult_top_0/inst/ata_inst/row_gen[10].col_gen[7].acc_reg[62][61]/C
                         clock pessimism              0.115    12.942    
                         clock uncertainty           -0.154    12.788    
    SLICE_X48Y111        FDRE (Setup_fdre_C_D)        0.062    12.850    design_1_i/matrix_mult_top_0/inst/ata_inst/row_gen[10].col_gen[7].acc_reg[62][61]
  -------------------------------------------------------------------
                         required time                         12.850    
                         arrival time                         -12.755    
  -------------------------------------------------------------------
                         slack                                  0.095    





Min Delay Paths
--------------------------------------------------------------------------------------
Slack (MET) :             0.021ns  (arrival time - required time)
  Source:                 design_1_i/axi_dma_0/U0/I_PRMRY_DATAMOVER/GEN_S2MM_FULL.I_S2MM_FULL_WRAPPER/I_CMD_STATUS/I_CMD_FIFO/USE_SINGLE_REG.sig_regfifo_dout_reg_reg[39]/C
                            (rising edge-triggered cell FDRE clocked by clk_fpga_0  {rise@0.000ns fall@5.000ns period=10.000ns})
  Destination:            design_1_i/axi_dma_0/U0/I_PRMRY_DATAMOVER/GEN_S2MM_FULL.I_S2MM_FULL_WRAPPER/GEN_INCLUDE_IBTTCC.I_S2MM_MSTR_IBTTCC/sig_input_addr_reg_reg[4]/D
                            (rising edge-triggered cell FDRE clocked by clk_fpga_0  {rise@0.000ns fall@5.000ns period=10.000ns})
  Path Group:             clk_fpga_0
  Path Type:              Hold (Min at Fast Process Corner)
  Requirement:            0.000ns  (clk_fpga_0 rise@0.000ns - clk_fpga_0 rise@0.000ns)
  Data Path Delay:        0.286ns  (logic 0.128ns (44.829%)  route 0.158ns (55.171%))
  Logic Levels:           0  
  Clock Path Skew:        0.257ns (DCD - SCD - CPR)
    Destination Clock Delay (DCD):    1.259ns
    Source Clock Delay      (SCD):    0.963ns
    Clock Pessimism Removal (CPR):    0.039ns

    Location             Delay type                Incr(ns)  Path(ns)    Netlist Resource(s)
  -------------------------------------------------------------------    -------------------
                         (clock clk_fpga_0 rise edge)
                                                      0.000     0.000 r  
    PS7_X0Y0             PS7                          0.000     0.000 r  design_1_i/processing_system7_0/inst/PS7_i/FCLKCLK[0]
                         net (fo=1, routed)           0.310     0.310    design_1_i/processing_system7_0/inst/FCLK_CLK_unbuffered[0]
    BUFGCTRL_X0Y16       BUFG (Prop_bufg_I_O)         0.026     0.336 r  design_1_i/processing_system7_0/inst/buffer_fclk_clk_0.FCLK_CLK_0_BUFG/O
                         net (fo=24773, routed)       0.627     0.963    design_1_i/axi_dma_0/U0/I_PRMRY_DATAMOVER/GEN_S2MM_FULL.I_S2MM_FULL_WRAPPER/I_CMD_STATUS/I_CMD_FIFO/m_axi_s2mm_aclk
    SLICE_X49Y127        FDRE                                         r  design_1_i/axi_dma_0/U0/I_PRMRY_DATAMOVER/GEN_S2MM_FULL.I_S2MM_FULL_WRAPPER/I_CMD_STATUS/I_CMD_FIFO/USE_SINGLE_REG.sig_regfifo_dout_reg_reg[39]/C
  -------------------------------------------------------------------    -------------------
    SLICE_X49Y127        FDRE (Prop_fdre_C_Q)         0.128     1.091 r  design_1_i/axi_dma_0/U0/I_PRMRY_DATAMOVER/GEN_S2MM_FULL.I_S2MM_FULL_WRAPPER/I_CMD_STATUS/I_CMD_FIFO/USE_SINGLE_REG.sig_regfifo_dout_reg_reg[39]/Q
                         net (fo=1, routed)           0.158     1.249    design_1_i/axi_dma_0/U0/I_PRMRY_DATAMOVER/GEN_S2MM_FULL.I_S2MM_FULL_WRAPPER/GEN_INCLUDE_IBTTCC.I_S2MM_MSTR_IBTTCC/Q[32]
    SLICE_X50Y127        FDRE                                         r  design_1_i/axi_dma_0/U0/I_PRMRY_DATAMOVER/GEN_S2MM_FULL.I_S2MM_FULL_WRAPPER/GEN_INCLUDE_IBTTCC.I_S2MM_MSTR_IBTTCC/sig_input_addr_reg_reg[4]/D
  -------------------------------------------------------------------    -------------------

                         (clock clk_fpga_0 rise edge)
                                                      0.000     0.000 r  
    PS7_X0Y0             PS7                          0.000     0.000 r  design_1_i/processing_system7_0/inst/PS7_i/FCLKCLK[0]
                         net (fo=1, routed)           0.337     0.337    design_1_i/processing_system7_0/inst/FCLK_CLK_unbuffered[0]
    BUFGCTRL_X0Y16       BUFG (Prop_bufg_I_O)         0.029     0.366 r  design_1_i/processing_system7_0/inst/buffer_fclk_clk_0.FCLK_CLK_0_BUFG/O
                         net (fo=24773, routed)       0.893     1.259    design_1_i/axi_dma_0/U0/I_PRMRY_DATAMOVER/GEN_S2MM_FULL.I_S2MM_FULL_WRAPPER/GEN_INCLUDE_IBTTCC.I_S2MM_MSTR_IBTTCC/m_axi_s2mm_aclk
    SLICE_X50Y127        FDRE                                         r  design_1_i/axi_dma_0/U0/I_PRMRY_DATAMOVER/GEN_S2MM_FULL.I_S2MM_FULL_WRAPPER/GEN_INCLUDE_IBTTCC.I_S2MM_MSTR_IBTTCC/sig_input_addr_reg_reg[4]/C
                         clock pessimism             -0.039     1.220    
    SLICE_X50Y127        FDRE (Hold_fdre_C_D)         0.007     1.227    design_1_i/axi_dma_0/U0/I_PRMRY_DATAMOVER/GEN_S2MM_FULL.I_S2MM_FULL_WRAPPER/GEN_INCLUDE_IBTTCC.I_S2MM_MSTR_IBTTCC/sig_input_addr_reg_reg[4]
  -------------------------------------------------------------------
                         required time                         -1.227    
                         arrival time                           1.249    
  -------------------------------------------------------------------
                         slack                                  0.021    





Pulse Width Checks
--------------------------------------------------------------------------------------
Clock Name:         clk_fpga_0
Waveform(ns):       { 0.000 5.000 }
Period(ns):         10.000
Sources:            { design_1_i/processing_system7_0/inst/PS7_i/FCLKCLK[0] }

Check Type        Corner  Lib Pin             Reference Pin  Required(ns)  Actual(ns)  Slack(ns)  Location       Pin
Min Period        n/a     RAMB36E1/CLKARDCLK  n/a            2.576         10.000      7.424      RAMB36_X1Y5    design_1_i/axi_dma_0/U0/I_PRMRY_DATAMOVER/GEN_MM2S_FULL.I_MM2S_FULL_WRAPPER/GEN_INCLUDE_MM2S_SF.I_RD_SF/I_DATA_FIFO/BLK_MEM.I_SYNC_FIFOGEN_FIFO/xpm_fifo_instance.xpm_fifo_sync_inst/xpm_fifo_base_inst/gen_sdpram.xpm_memory_base_inst/gen_wr_a.gen_word_narrow.mem_reg_0/CLKARDCLK
Low Pulse Width   Slow    RAMD32/CLK          n/a            1.250         5.000       3.750      SLICE_X30Y102  design_1_i/axi_dma_0/U0/I_PRMRY_DATAMOVER/GEN_S2MM_FULL.I_S2MM_FULL_WRAPPER/GEN_ENABLE_INDET_BTT_SF.I_INDET_BTT/I_XD_FIFO/NON_BLK_MEM.I_SYNC_FIFOGEN_FIFO/xpm_fifo_instance.xpm_fifo_sync_inst/xpm_fifo_base_inst/gen_sdpram.xpm_memory_base_inst/gen_wr_a.gen_word_narrow.mem_reg_0_15_0_5/RAMA/CLK
High Pulse Width  Slow    RAMD32/CLK          n/a            1.250         5.000       3.750      SLICE_X30Y102  design_1_i/axi_dma_0/U0/I_PRMRY_DATAMOVER/GEN_S2MM_FULL.I_S2MM_FULL_WRAPPER/GEN_ENABLE_INDET_BTT_SF.I_INDET_BTT/I_XD_FIFO/NON_BLK_MEM.I_SYNC_FIFOGEN_FIFO/xpm_fifo_instance.xpm_fifo_sync_inst/xpm_fifo_base_inst/gen_sdpram.xpm_memory_base_inst/gen_wr_a.gen_word_narrow.mem_reg_0_15_0_5/RAMA/CLK



