
 /----------------------------------------------------------------------------\
 |  yosys -- Yosys Open SYnthesis Suite                                       |
 |  Copyright (C) 2012 - 2026  Claire Xenia Wolf <claire@yosyshq.com>         |
 |  Distributed under an ISC-like license, type "license" to see terms        |
 \----------------------------------------------------------------------------/
 Yosys 0.67+137 (git sha1 41a4b5a03-dirty, Release, Clang /usr/bin/clang++ 21.1.8)

-- Executing script file `design_smt2.ys' --

1. Executing RTLIL frontend.
Input filename: design_prep.il

2. Executing HIERARCHY pass (managing design hierarchy).
Attribute `top' found on module `sample_unpack'. Setting top module to sample_unpack.

2.1. Analyzing design hierarchy..
Top module:  \sample_unpack

2.2. Analyzing design hierarchy..
Top module:  \sample_unpack
Removed 0 unused modules.

3. Executing FORMALFF pass.

4. Executing DFFUNMAP pass (unmap clock enable and synchronous reset from FFs).

5. Printing statistics.

=== sample_unpack ===

        +----------Local Count, excluding submodules.
        | 
        4 wires
      801 wire bits
        4 public wires
      801 public wire bits
        3 ports
      800 port bits

6. Executing SMT2 backend.

6.1. Executing BMUXMAP pass.

6.2. Executing DEMUXMAP pass.
Creating SMT-LIBv2 representation of module sample_unpack.

End of script. Logfile hash: c07bea310e, time: 0.00s, user: 0.01s, system: 0.00s, MEM: 16.46 MB peak
Yosys 0.67+137 (git sha1 41a4b5a03-dirty, Release, Clang /usr/bin/clang++ 21.1.8)
Time spent: 51% 2x write_smt2 (0 sec), 20% 2x read_rtlil (0 sec), ...
